Bifurcacao 10: Evento Nexus
Bifurcacao 15: Instavel
Bifurcacao 21: Evento Nexus
Bifurcacao 29: Evento Nexus
Bifurcacao 31: Instavel
Bifurcacao 39: Evento Nexus
Bifurcacao 43: Evento Nexus
Bifurcacao 46: Evento Nexus
