Bifurcacao 6: Instavel
Bifurcacao 11: Evento Nexus
Bifurcacao 18: Instavel
Bifurcacao 25: Evento Nexus
Bifurcacao 29: Instavel
Bifurcacao 35: Evento Nexus
Bifurcacao 41: Instavel
Bifurcacao 45: Evento Nexus
