Bifurcacao 3: Evento Nexus
Bifurcacao 7: Instavel
Bifurcacao 18: Evento Nexus
Bifurcacao 25: Evento Nexus
Bifurcacao 33: Evento Nexus
Bifurcacao 40: Instavel
Bifurcacao 44: Instavel
Bifurcacao 47: Evento Nexus
