Bifurcacao 6: Evento Nexus
Bifurcacao 8: Instavel
Bifurcacao 12: Instavel
Bifurcacao 15: Instavel
Bifurcacao 17: Evento Nexus
Bifurcacao 32: Evento Nexus
Bifurcacao 35: Instavel
Bifurcacao 41: Instavel
Bifurcacao 42: Evento Nexus
