Bifurcacao 2: Instavel
Bifurcacao 5: Instavel
Bifurcacao 13: Instavel
Bifurcacao 17: Evento Nexus
Bifurcacao 24: Evento Nexus
Bifurcacao 30: Instavel
Bifurcacao 34: Evento Nexus
Bifurcacao 38: Instavel
Bifurcacao 42: Instavel
Bifurcacao 47: Evento Nexus
