Bifurcacao 3: Evento Nexus
Bifurcacao 5: Evento Nexus
Bifurcacao 9: Evento Nexus
Bifurcacao 13: Instavel
Bifurcacao 18: Instavel
Bifurcacao 25: Evento Nexus
Bifurcacao 32: Evento Nexus
Bifurcacao 37: Instavel
Bifurcacao 43: Evento Nexus
Bifurcacao 44: Evento Nexus
Bifurcacao 47: Instavel
