Bifurcacao 3: Evento Nexus
Bifurcacao 10: Instavel
Bifurcacao 14: Evento Nexus
Bifurcacao 16: Evento Nexus
Bifurcacao 23: Instavel
Bifurcacao 24: Evento Nexus
Bifurcacao 31: Evento Nexus
Bifurcacao 39: Instavel
Bifurcacao 40: Instavel
Bifurcacao 42: Evento Nexus
Bifurcacao 45: Evento Nexus
