Bifurcacao 3: Instavel
Bifurcacao 18: Evento Nexus
Bifurcacao 21: Evento Nexus
Bifurcacao 24: Instavel
Bifurcacao 32: Evento Nexus
Bifurcacao 41: Instavel
Bifurcacao 48: Evento Nexus
